2026.10.06 08:51:00 INFO  Started: Metals version 1.6.9 in folders '/Users/vitor/projects/estudos/outbox-relay' for client Visual Studio Code 1.136.1.
2026.10.06 08:51:00 INFO  Memory monitor started
2026.10.06 08:51:00 WARN  Using H2 2.5.250 which is newer than the version Flyway has been verified with. The latest verified version of H2 is 2.3.232.
2026.10.06 08:51:00 INFO  no build target found for /Users/vitor/projects/estudos/outbox-relay/src/main/java/Relay.java. Using fallback presentation compiler.
2026.10.06 08:51:01 INFO  no build target found for /Users/vitor/projects/estudos/outbox-relay/src/main/java/Relay.java. Using fallback presentation compiler.
2026.10.06 08:51:04 INFO  no build target found for /Users/vitor/projects/estudos/outbox-relay/src/main/java/Relay.java. Using fallback presentation compiler.
2026.10.06 08:51:04 INFO  no build target found for /Users/vitor/projects/estudos/outbox-relay/src/main/java/Relay.java. Using fallback presentation compiler.
2026.10.06 08:51:04 INFO  no build target found for /Users/vitor/projects/estudos/outbox-relay/src/main/java/Relay.java. Using fallback presentation compiler.
2026.10.06 08:51:04 INFO  no build target found for /Users/vitor/projects/estudos/outbox-relay/src/main/java/Relay.java. Using fallback presentation compiler.
2026.10.06 08:51:04 INFO  no build target found for /Users/vitor/projects/estudos/outbox-relay/src/main/java/Relay.java. Using fallback presentation compiler.
2026.10.06 08:51:06 INFO  running '/Users/vitor/Library/Java/JavaVirtualMachines/openjdk-26.0.1/Contents/Home/bin/java -Dfile.encoding=UTF-8 -Dmaven.multiModuleProjectDirectory=/Users/vitor/projects/estudos/outbox-relay -Dmaven.home=/var/folders/gs/29xc980s0dzg_l7b8ybrbxym0000gn/T/metals1414925475080142244 -cp /var/folders/gs/29xc980s0dzg_l7b8ybrbxym0000gn/T/metals1414925475080142244/maven-wrapper.jar org.apache.maven.wrapper.MavenWrapperMain generate-sources ch.epfl.scala:bloop-maven-plugin:2.0.5:bloopInstall -DdownloadSources=true'
2026.10.06 08:51:06 INFO  no build target found for /Users/vitor/projects/estudos/outbox-relay/src/main/java/Relay.java. Using fallback presentation compiler.
2026.10.06 08:51:06 ERROR WARNING: A restricted method in java.lang.System has been called
2026.10.06 08:51:06 ERROR WARNING: java.lang.System::load has been called by org.fusesource.jansi.internal.JansiLoader in an unnamed module (file:/Users/vitor/.m2/wrapper/dists/apache-maven-3.9.9-bin/33b4b2b4/apache-maven-3.9.9/lib/jansi-2.4.1.jar)
2026.10.06 08:51:06 ERROR WARNING: Use --enable-native-access=ALL-UNNAMED to avoid a warning for callers in this module
2026.10.06 08:51:06 ERROR WARNING: Restricted methods will be blocked in a future release unless native access is enabled
2026.10.06 08:51:06 ERROR 
2026.10.06 08:51:06 ERROR WARNING: A terminally deprecated method in sun.misc.Unsafe has been called
2026.10.06 08:51:06 ERROR WARNING: sun.misc.Unsafe::objectFieldOffset has been called by com.google.common.util.concurrent.AbstractFuture$UnsafeAtomicHelper (file:/Users/vitor/.m2/wrapper/dists/apache-maven-3.9.9-bin/33b4b2b4/apache-maven-3.9.9/lib/guava-33.2.1-jre.jar)
2026.10.06 08:51:06 ERROR WARNING: Please consider reporting this to the maintainers of class com.google.common.util.concurrent.AbstractFuture$UnsafeAtomicHelper
2026.10.06 08:51:06 ERROR WARNING: sun.misc.Unsafe::objectFieldOffset will be removed in a future release
2026.10.06 08:51:06 ERROR WARNING: Final field _cipher in class org.sonatype.plexus.components.sec.dispatcher.DefaultSecDispatcher has been mutated reflectively by class org.eclipse.sisu.bean.BeanPropertyField in unnamed module @163e4e87 (file:/Users/vitor/.m2/wrapper/dists/apache-maven-3.9.9-bin/33b4b2b4/apache-maven-3.9.9/lib/org.eclipse.sisu.inject-0.9.0.M3.jar)
2026.10.06 08:51:06 ERROR WARNING: Use --enable-final-field-mutation=ALL-UNNAMED to avoid a warning
2026.10.06 08:51:06 ERROR WARNING: Mutating final fields will be blocked in a future release unless final field mutation is enabled
2026.10.06 08:51:06 INFO  [INFO] Scanning for projects...
2026.10.06 08:51:06 INFO  [INFO] 
2026.10.06 08:51:06 INFO  [INFO] ----------------------< dev.outbox:outbox-relay >-----------------------
2026.10.06 08:51:06 INFO  [INFO] Building outbox-relay 0.1.0
2026.10.06 08:51:06 INFO  [INFO]   from pom.xml
2026.10.06 08:51:06 INFO  [INFO] --------------------------------[ jar ]---------------------------------
2026.10.06 08:51:06 INFO  [INFO] 
2026.10.06 08:51:06 INFO  [INFO] --- bloop:2.0.5:bloopInstall (default-cli) @ outbox-relay ---
2026.10.06 08:51:06 INFO  [ERROR] org.scala-lang:scala([0-9]?)-library is missing from project dependencies
2026.10.06 08:51:06 INFO  [INFO] Resolving artifact: org.slf4j:slf4j-api:jar:1.7.36:compile (sources = false)
2026.10.06 08:51:06 INFO  [INFO] SUCCESS: org.slf4j:slf4j-api:jar:1.7.36:compile (sources = false)
2026.10.06 08:51:06 INFO  [INFO] Resolving artifact: org.slf4j:slf4j-api:jar:1.7.36:compile (sources = true)
2026.10.06 08:51:06 INFO  Downloading from central: https://repo.maven.apache.org/maven2/org/slf4j/slf4j-api/1.7.36/slf4j-api-1.7.36-sources.jar
2026.10.06 08:51:07 INFO  no build target found for /Users/vitor/projects/estudos/outbox-relay/src/main/java/Relay.java. Using fallback presentation compiler.
2026.10.06 08:51:06 INFO  Progress (1): 0.9/58 kB
2026.10.06 08:51:06 INFO  Progress (1): 2.3/58 kB
2026.10.06 08:51:06 INFO  Progress (1): 3.6/58 kB
2026.10.06 08:51:06 INFO  Progress (1): 5.0/58 kB
2026.10.06 08:51:06 INFO  Progress (1): 6.4/58 kB
2026.10.06 08:51:06 INFO  Progress (1): 7.7/58 kB
2026.10.06 08:51:06 INFO  Progress (1): 9.1/58 kB
2026.10.06 08:51:06 INFO  Progress (1): 10/58 kB 
2026.10.06 08:51:06 INFO  Progress (1): 12/58 kB
2026.10.06 08:51:06 INFO  Progress (1): 13/58 kB
2026.10.06 08:51:06 INFO  Progress (1): 15/58 kB
2026.10.06 08:51:06 INFO  Progress (1): 16/58 kB
2026.10.06 08:51:06 INFO  Progress (1): 17/58 kB
2026.10.06 08:51:06 INFO  Progress (1): 19/58 kB
2026.10.06 08:51:06 INFO  Progress (1): 20/58 kB
2026.10.06 08:51:06 INFO  Progress (1): 21/58 kB
2026.10.06 08:51:06 INFO  Progress (1): 23/58 kB
2026.10.06 08:51:06 INFO  Progress (1): 24/58 kB
2026.10.06 08:51:06 INFO  Progress (1): 26/58 kB
2026.10.06 08:51:06 INFO  Progress (1): 27/58 kB
2026.10.06 08:51:06 INFO  Progress (1): 28/58 kB
2026.10.06 08:51:06 INFO  Progress (1): 30/58 kB
2026.10.06 08:51:06 INFO  Progress (1): 31/58 kB
2026.10.06 08:51:06 INFO  Progress (1): 32/58 kB
2026.10.06 08:51:06 INFO  Progress (1): 34/58 kB
2026.10.06 08:51:06 INFO  Progress (1): 35/58 kB
2026.10.06 08:51:06 INFO  Progress (1): 36/58 kB
2026.10.06 08:51:06 INFO  Progress (1): 38/58 kB
2026.10.06 08:51:06 INFO  Progress (1): 39/58 kB
2026.10.06 08:51:06 INFO  Progress (1): 41/58 kB
2026.10.06 08:51:06 INFO  Progress (1): 42/58 kB
2026.10.06 08:51:06 INFO  Progress (1): 43/58 kB
2026.10.06 08:51:06 INFO  Progress (1): 45/58 kB
2026.10.06 08:51:06 INFO  Progress (1): 46/58 kB
2026.10.06 08:51:06 INFO  Progress (1): 47/58 kB
2026.10.06 08:51:06 INFO  Progress (1): 49/58 kB
2026.10.06 08:51:06 INFO  Progress (1): 50/58 kB
2026.10.06 08:51:06 INFO  Progress (1): 52/58 kB
2026.10.06 08:51:06 INFO  Progress (1): 53/58 kB
2026.10.06 08:51:06 INFO  Progress (1): 54/58 kB
2026.10.06 08:51:06 INFO  Progress (1): 56/58 kB
2026.10.06 08:51:06 INFO  Progress (1): 58 kB   
2026.10.06 08:51:06 INFO                     
2026.10.06 08:51:06 INFO  Downloaded from central: https://repo.maven.apache.org/maven2/org/slf4j/slf4j-api/1.7.36/slf4j-api-1.7.36-sources.jar (58 kB at 292 kB/s)
2026.10.06 08:51:06 INFO  [INFO] SUCCESS: org.slf4j:slf4j-api:jar:1.7.36:compile (sources = true)
2026.10.06 08:51:06 INFO  [INFO] Resolving artifact: org.postgresql:postgresql:jar:42.7.12:compile (sources = false)
2026.10.06 08:51:06 INFO  [INFO] SUCCESS: org.postgresql:postgresql:jar:42.7.12:compile (sources = false)
2026.10.06 08:51:06 INFO  [INFO] Resolving artifact: org.postgresql:postgresql:jar:42.7.12:compile (sources = true)
2026.10.06 08:51:06 INFO  Downloading from central: https://repo.maven.apache.org/maven2/org/postgresql/postgresql/42.7.12/postgresql-42.7.12-sources.jar
2026.10.06 08:51:06 INFO  Progress (1): 3.8/933 kB
2026.10.06 08:51:06 INFO  Progress (1): 4.1/933 kB
2026.10.06 08:51:06 INFO  Progress (1): 8.3/933 kB
2026.10.06 08:51:06 INFO  Progress (1): 13/933 kB 
2026.10.06 08:51:06 INFO  Progress (1): 17/933 kB
2026.10.06 08:51:06 INFO  Progress (1): 21/933 kB
2026.10.06 08:51:06 INFO  Progress (1): 25/933 kB
2026.10.06 08:51:06 INFO  Progress (1): 29/933 kB
2026.10.06 08:51:06 INFO  Progress (1): 34/933 kB
2026.10.06 08:51:06 INFO  Progress (1): 38/933 kB
2026.10.06 08:51:06 INFO  Progress (1): 42/933 kB
2026.10.06 08:51:06 INFO  Progress (1): 46/933 kB
2026.10.06 08:51:06 INFO  Progress (1): 51/933 kB
2026.10.06 08:51:06 INFO  Progress (1): 55/933 kB
2026.10.06 08:51:06 INFO  Progress (1): 59/933 kB
2026.10.06 08:51:06 INFO  Progress (1): 61/933 kB
2026.10.06 08:51:06 INFO  Progress (1): 66/933 kB
2026.10.06 08:51:06 INFO  Progress (1): 70/933 kB
2026.10.06 08:51:06 INFO  Progress (1): 74/933 kB
2026.10.06 08:51:06 INFO  Progress (1): 78/933 kB
2026.10.06 08:51:06 INFO  Progress (1): 83/933 kB
2026.10.06 08:51:06 INFO  Progress (1): 87/933 kB
2026.10.06 08:51:06 INFO  Progress (1): 91/933 kB
2026.10.06 08:51:06 INFO  Progress (1): 95/933 kB
2026.10.06 08:51:06 INFO  Progress (1): 100/933 kB
2026.10.06 08:51:06 INFO  Progress (1): 104/933 kB
2026.10.06 08:51:06 INFO  Progress (1): 108/933 kB
2026.10.06 08:51:06 INFO  Progress (1): 112/933 kB
2026.10.06 08:51:06 INFO  Progress (1): 116/933 kB
2026.10.06 08:51:06 INFO  Progress (1): 121/933 kB
2026.10.06 08:51:06 INFO  Progress (1): 125/933 kB
2026.10.06 08:51:06 INFO  Progress (1): 129/933 kB
2026.10.06 08:51:06 INFO  Progress (1): 131/933 kB
2026.10.06 08:51:06 INFO  Progress (1): 135/933 kB
2026.10.06 08:51:06 INFO  Progress (1): 140/933 kB
2026.10.06 08:51:06 INFO  Progress (1): 144/933 kB
2026.10.06 08:51:06 INFO  Progress (1): 148/933 kB
2026.10.06 08:51:06 INFO  Progress (1): 152/933 kB
2026.10.06 08:51:06 INFO  Progress (1): 156/933 kB
2026.10.06 08:51:06 INFO  Progress (1): 173/933 kB
2026.10.06 08:51:06 INFO  Progress (1): 188/933 kB
2026.10.06 08:51:06 INFO  Progress (1): 197/933 kB
2026.10.06 08:51:06 INFO  Progress (1): 213/933 kB
2026.10.06 08:51:06 INFO  Progress (1): 229/933 kB
2026.10.06 08:51:06 INFO  Progress (1): 246/933 kB
2026.10.06 08:51:06 INFO  Progress (1): 262/933 kB
2026.10.06 08:51:06 INFO  Progress (1): 279/933 kB
2026.10.06 08:51:06 INFO  Progress (1): 295/933 kB
2026.10.06 08:51:06 INFO  Progress (1): 311/933 kB
2026.10.06 08:51:06 INFO  Progress (1): 328/933 kB
2026.10.06 08:51:06 INFO  Progress (1): 344/933 kB
2026.10.06 08:51:06 INFO  Progress (1): 360/933 kB
2026.10.06 08:51:06 INFO  Progress (1): 377/933 kB
2026.10.06 08:51:06 INFO  Progress (1): 393/933 kB
2026.10.06 08:51:06 INFO  Progress (1): 410/933 kB
2026.10.06 08:51:06 INFO  Progress (1): 426/933 kB
2026.10.06 08:51:06 INFO  Progress (1): 442/933 kB
2026.10.06 08:51:06 INFO  Progress (1): 459/933 kB
2026.10.06 08:51:06 INFO  Progress (1): 475/933 kB
2026.10.06 08:51:06 INFO  Progress (1): 492/933 kB
2026.10.06 08:51:06 INFO  Progress (1): 508/933 kB
2026.10.06 08:51:06 INFO  Progress (1): 524/933 kB
2026.10.06 08:51:06 INFO  Progress (1): 541/933 kB
2026.10.06 08:51:06 INFO  Progress (1): 557/933 kB
2026.10.06 08:51:06 INFO  Progress (1): 573/933 kB
2026.10.06 08:51:06 INFO  Progress (1): 590/933 kB
2026.10.06 08:51:06 INFO  Progress (1): 606/933 kB
2026.10.06 08:51:06 INFO  Progress (1): 623/933 kB
2026.10.06 08:51:06 INFO  Progress (1): 639/933 kB
2026.10.06 08:51:06 INFO  Progress (1): 655/933 kB
2026.10.06 08:51:06 INFO  Progress (1): 672/933 kB
2026.10.06 08:51:06 INFO  Progress (1): 688/933 kB
2026.10.06 08:51:06 INFO  Progress (1): 705/933 kB
2026.10.06 08:51:06 INFO  Progress (1): 721/933 kB
2026.10.06 08:51:06 INFO  Progress (1): 737/933 kB
2026.10.06 08:51:06 INFO  Progress (1): 754/933 kB
2026.10.06 08:51:06 INFO  Progress (1): 770/933 kB
2026.10.06 08:51:06 INFO  Progress (1): 786/933 kB
2026.10.06 08:51:06 INFO  Progress (1): 803/933 kB
2026.10.06 08:51:06 INFO  Progress (1): 819/933 kB
2026.10.06 08:51:06 INFO  Progress (1): 836/933 kB
2026.10.06 08:51:06 INFO  Progress (1): 852/933 kB
2026.10.06 08:51:06 INFO  Progress (1): 868/933 kB
2026.10.06 08:51:06 INFO  Progress (1): 885/933 kB
2026.10.06 08:51:06 INFO  Progress (1): 901/933 kB
2026.10.06 08:51:06 INFO  Progress (1): 918/933 kB
2026.10.06 08:51:06 INFO  Progress (1): 933 kB    
2026.10.06 08:51:06 INFO                      
2026.10.06 08:51:06 INFO  Downloaded from central: https://repo.maven.apache.org/maven2/org/postgresql/postgresql/42.7.12/postgresql-42.7.12-sources.jar (933 kB at 8.8 MB/s)
2026.10.06 08:51:06 INFO  [INFO] SUCCESS: org.postgresql:postgresql:jar:42.7.12:compile (sources = true)
2026.10.06 08:51:06 INFO  [INFO] Resolving artifact: at.yawk.lz4:lz4-java:jar:1.10.2:runtime (sources = false)
2026.10.06 08:51:06 INFO  [INFO] SUCCESS: at.yawk.lz4:lz4-java:jar:1.10.2:runtime (sources = false)
2026.10.06 08:51:06 INFO  [INFO] Resolving artifact: at.yawk.lz4:lz4-java:jar:1.10.2:runtime (sources = true)
2026.10.06 08:51:06 INFO  Downloading from central: https://repo.maven.apache.org/maven2/at/yawk/lz4/lz4-java/1.10.2/lz4-java-1.10.2-sources.jar
2026.10.06 08:51:06 INFO  Progress (1): 7.7/101 kB
2026.10.06 08:51:06 INFO  Progress (1): 7.7/101 kB
2026.10.06 08:51:06 INFO  Progress (1): 24/101 kB 
2026.10.06 08:51:06 INFO  Progress (1): 40/101 kB
2026.10.06 08:51:06 INFO  Progress (1): 57/101 kB
2026.10.06 08:51:06 INFO  Progress (1): 73/101 kB
2026.10.06 08:51:06 INFO  Progress (1): 90/101 kB
2026.10.06 08:51:06 INFO  Progress (1): 101 kB   
2026.10.06 08:51:06 INFO                      
2026.10.06 08:51:06 INFO  Downloaded from central: https://repo.maven.apache.org/maven2/at/yawk/lz4/lz4-java/1.10.2/lz4-java-1.10.2-sources.jar (101 kB at 2.5 MB/s)
2026.10.06 08:51:06 INFO  [INFO] SUCCESS: at.yawk.lz4:lz4-java:jar:1.10.2:runtime (sources = true)
2026.10.06 08:51:06 INFO  [INFO] Resolving artifact: com.github.luben:zstd-jni:jar:1.5.6-10:runtime (sources = false)
2026.10.06 08:51:06 INFO  [INFO] SUCCESS: com.github.luben:zstd-jni:jar:1.5.6-10:runtime (sources = false)
2026.10.06 08:51:06 INFO  [INFO] Resolving artifact: com.github.luben:zstd-jni:jar:1.5.6-10:runtime (sources = true)
2026.10.06 08:51:06 INFO  Downloading from central: https://repo.maven.apache.org/maven2/com/github/luben/zstd-jni/1.5.6-10/zstd-jni-1.5.6-10-sources.jar
2026.10.06 08:51:06 INFO  Progress (1): 7.7/43 kB
2026.10.06 08:51:06 INFO  Progress (1): 11/43 kB 
2026.10.06 08:51:06 INFO  Progress (1): 28/43 kB
2026.10.06 08:51:06 INFO  Progress (1): 43 kB   
2026.10.06 08:51:06 INFO                     
2026.10.06 08:51:06 INFO  Downloaded from central: https://repo.maven.apache.org/maven2/com/github/luben/zstd-jni/1.5.6-10/zstd-jni-1.5.6-10-sources.jar (43 kB at 1.0 MB/s)
2026.10.06 08:51:06 INFO  [INFO] SUCCESS: com.github.luben:zstd-jni:jar:1.5.6-10:runtime (sources = true)
2026.10.06 08:51:06 INFO  [INFO] Resolving artifact: org.apache.kafka:kafka-clients:jar:4.3.1:compile (sources = false)
2026.10.06 08:51:06 INFO  [INFO] SUCCESS: org.apache.kafka:kafka-clients:jar:4.3.1:compile (sources = false)
2026.10.06 08:51:06 INFO  [INFO] Resolving artifact: org.apache.kafka:kafka-clients:jar:4.3.1:compile (sources = true)
2026.10.06 08:51:06 INFO  [INFO] SUCCESS: org.apache.kafka:kafka-clients:jar:4.3.1:compile (sources = true)
2026.10.06 08:51:06 INFO  [INFO] Resolving artifact: org.xerial.snappy:snappy-java:jar:1.1.10.7:runtime (sources = false)
2026.10.06 08:51:06 INFO  [INFO] SUCCESS: org.xerial.snappy:snappy-java:jar:1.1.10.7:runtime (sources = false)
2026.10.06 08:51:06 INFO  [INFO] Resolving artifact: org.xerial.snappy:snappy-java:jar:1.1.10.7:runtime (sources = true)
2026.10.06 08:51:06 INFO  Downloading from central: https://repo.maven.apache.org/maven2/org/xerial/snappy/snappy-java/1.1.10.7/snappy-java-1.1.10.7-sources.jar
2026.10.06 08:51:06 INFO  Progress (1): 0/2.3 MB
2026.10.06 08:51:06 INFO  Progress (1): 0/2.3 MB
2026.10.06 08:51:06 INFO  Progress (1): 0/2.3 MB
2026.10.06 08:51:06 INFO  Progress (1): 0/2.3 MB
2026.10.06 08:51:06 INFO  Progress (1): 0.1/2.3 MB
2026.10.06 08:51:06 INFO  Progress (1): 0.1/2.3 MB
2026.10.06 08:51:06 INFO  Progress (1): 0.1/2.3 MB
2026.10.06 08:51:06 INFO  Progress (1): 0.1/2.3 MB
2026.10.06 08:51:06 INFO  Progress (1): 0.1/2.3 MB
2026.10.06 08:51:06 INFO  Progress (1): 0.1/2.3 MB
2026.10.06 08:51:06 INFO  Progress (1): 0.2/2.3 MB
2026.10.06 08:51:06 INFO  Progress (1): 0.2/2.3 MB
2026.10.06 08:51:06 INFO  Progress (1): 0.2/2.3 MB
2026.10.06 08:51:06 INFO  Progress (1): 0.2/2.3 MB
2026.10.06 08:51:06 INFO  Progress (1): 0.2/2.3 MB
2026.10.06 08:51:06 INFO  Progress (1): 0.2/2.3 MB
2026.10.06 08:51:06 INFO  Progress (1): 0.2/2.3 MB
2026.10.06 08:51:06 INFO  Progress (1): 0.3/2.3 MB
2026.10.06 08:51:06 INFO  Progress (1): 0.3/2.3 MB
2026.10.06 08:51:06 INFO  Progress (1): 0.3/2.3 MB
2026.10.06 08:51:06 INFO  Progress (1): 0.3/2.3 MB
2026.10.06 08:51:06 INFO  Progress (1): 0.3/2.3 MB
2026.10.06 08:51:06 INFO  Progress (1): 0.3/2.3 MB
2026.10.06 08:51:06 INFO  Progress (1): 0.4/2.3 MB
2026.10.06 08:51:06 INFO  Progress (1): 0.4/2.3 MB
2026.10.06 08:51:06 INFO  Progress (1): 0.4/2.3 MB
2026.10.06 08:51:06 INFO  Progress (1): 0.4/2.3 MB
2026.10.06 08:51:06 INFO  Progress (1): 0.4/2.3 MB
2026.10.06 08:51:06 INFO  Progress (1): 0.4/2.3 MB
2026.10.06 08:51:06 INFO  Progress (1): 0.5/2.3 MB
2026.10.06 08:51:06 INFO  Progress (1): 0.5/2.3 MB
2026.10.06 08:51:06 INFO  Progress (1): 0.5/2.3 MB
2026.10.06 08:51:06 INFO  Progress (1): 0.5/2.3 MB
2026.10.06 08:51:06 INFO  Progress (1): 0.5/2.3 MB
2026.10.06 08:51:06 INFO  Progress (1): 0.5/2.3 MB
2026.10.06 08:51:06 INFO  Progress (1): 0.6/2.3 MB
2026.10.06 08:51:06 INFO  Progress (1): 0.6/2.3 MB
2026.10.06 08:51:06 INFO  Progress (1): 0.6/2.3 MB
2026.10.06 08:51:06 INFO  Progress (1): 0.6/2.3 MB
2026.10.06 08:51:06 INFO  Progress (1): 0.6/2.3 MB
2026.10.06 08:51:06 INFO  Progress (1): 0.6/2.3 MB
2026.10.06 08:51:06 INFO  Progress (1): 0.7/2.3 MB
2026.10.06 08:51:06 INFO  Progress (1): 0.7/2.3 MB
2026.10.06 08:51:06 INFO  Progress (1): 0.7/2.3 MB
2026.10.06 08:51:06 INFO  Progress (1): 0.7/2.3 MB
2026.10.06 08:51:06 INFO  Progress (1): 0.7/2.3 MB
2026.10.06 08:51:06 INFO  Progress (1): 0.7/2.3 MB
2026.10.06 08:51:06 INFO  Progress (1): 0.7/2.3 MB
2026.10.06 08:51:06 INFO  Progress (1): 0.8/2.3 MB
2026.10.06 08:51:06 INFO  Progress (1): 0.8/2.3 MB
2026.10.06 08:51:06 INFO  Progress (1): 0.8/2.3 MB
2026.10.06 08:51:06 INFO  Progress (1): 0.8/2.3 MB
2026.10.06 08:51:06 INFO  Progress (1): 0.8/2.3 MB
2026.10.06 08:51:06 INFO  Progress (1): 0.8/2.3 MB
2026.10.06 08:51:06 INFO  Progress (1): 0.9/2.3 MB
2026.10.06 08:51:06 INFO  Progress (1): 0.9/2.3 MB
2026.10.06 08:51:06 INFO  Progress (1): 0.9/2.3 MB
2026.10.06 08:51:06 INFO  Progress (1): 0.9/2.3 MB
2026.10.06 08:51:06 INFO  Progress (1): 0.9/2.3 MB
2026.10.06 08:51:06 INFO  Progress (1): 0.9/2.3 MB
2026.10.06 08:51:06 INFO  Progress (1): 1.0/2.3 MB
2026.10.06 08:51:06 INFO  Progress (1): 1.0/2.3 MB
2026.10.06 08:51:06 INFO  Progress (1): 1.0/2.3 MB
2026.10.06 08:51:06 INFO  Progress (1): 1.0/2.3 MB
2026.10.06 08:51:06 INFO  Progress (1): 1.0/2.3 MB
2026.10.06 08:51:06 INFO  Progress (1): 1.0/2.3 MB
2026.10.06 08:51:06 INFO  Progress (1): 1.1/2.3 MB
2026.10.06 08:51:06 INFO  Progress (1): 1.1/2.3 MB
2026.10.06 08:51:06 INFO  Progress (1): 1.1/2.3 MB
2026.10.06 08:51:06 INFO  Progress (1): 1.1/2.3 MB
2026.10.06 08:51:06 INFO  Progress (1): 1.1/2.3 MB
2026.10.06 08:51:06 INFO  Progress (1): 1.1/2.3 MB
2026.10.06 08:51:06 INFO  Progress (1): 1.2/2.3 MB
2026.10.06 08:51:06 INFO  Progress (1): 1.2/2.3 MB
2026.10.06 08:51:06 INFO  Progress (1): 1.2/2.3 MB
2026.10.06 08:51:06 INFO  Progress (1): 1.2/2.3 MB
2026.10.06 08:51:06 INFO  Progress (1): 1.2/2.3 MB
2026.10.06 08:51:06 INFO  Progress (1): 1.2/2.3 MB
2026.10.06 08:51:06 INFO  Progress (1): 1.3/2.3 MB
2026.10.06 08:51:06 INFO  Progress (1): 1.3/2.3 MB
2026.10.06 08:51:06 INFO  Progress (1): 1.3/2.3 MB
2026.10.06 08:51:06 INFO  Progress (1): 1.3/2.3 MB
2026.10.06 08:51:06 INFO  Progress (1): 1.3/2.3 MB
2026.10.06 08:51:06 INFO  Progress (1): 1.3/2.3 MB
2026.10.06 08:51:06 INFO  Progress (1): 1.4/2.3 MB
2026.10.06 08:51:06 INFO  Progress (1): 1.4/2.3 MB
2026.10.06 08:51:06 INFO  Progress (1): 1.4/2.3 MB
2026.10.06 08:51:06 INFO  Progress (1): 1.4/2.3 MB
2026.10.06 08:51:06 INFO  Progress (1): 1.4/2.3 MB
2026.10.06 08:51:06 INFO  Progress (1): 1.4/2.3 MB
2026.10.06 08:51:06 INFO  Progress (1): 1.4/2.3 MB
2026.10.06 08:51:06 INFO  Progress (1): 1.5/2.3 MB
2026.10.06 08:51:06 INFO  Progress (1): 1.5/2.3 MB
2026.10.06 08:51:06 INFO  Progress (1): 1.5/2.3 MB
2026.10.06 08:51:06 INFO  Progress (1): 1.5/2.3 MB
2026.10.06 08:51:06 INFO  Progress (1): 1.5/2.3 MB
2026.10.06 08:51:06 INFO  Progress (1): 1.5/2.3 MB
2026.10.06 08:51:06 INFO  Progress (1): 1.5/2.3 MB
2026.10.06 08:51:06 INFO  Progress (1): 1.6/2.3 MB
2026.10.06 08:51:06 INFO  Progress (1): 1.6/2.3 MB
2026.10.06 08:51:06 INFO  Progress (1): 1.6/2.3 MB
2026.10.06 08:51:06 INFO  Progress (1): 1.6/2.3 MB
2026.10.06 08:51:06 INFO  Progress (1): 1.6/2.3 MB
2026.10.06 08:51:06 INFO  Progress (1): 1.6/2.3 MB
2026.10.06 08:51:06 INFO  Progress (1): 1.6/2.3 MB
2026.10.06 08:51:06 INFO  Progress (1): 1.7/2.3 MB
2026.10.06 08:51:06 INFO  Progress (1): 1.7/2.3 MB
2026.10.06 08:51:06 INFO  Progress (1): 1.7/2.3 MB
2026.10.06 08:51:06 INFO  Progress (1): 1.7/2.3 MB
2026.10.06 08:51:06 INFO  Progress (1): 1.7/2.3 MB
2026.10.06 08:51:06 INFO  Progress (1): 1.7/2.3 MB
2026.10.06 08:51:06 INFO  Progress (1): 1.7/2.3 MB
2026.10.06 08:51:06 INFO  Progress (1): 1.8/2.3 MB
2026.10.06 08:51:06 INFO  Progress (1): 1.8/2.3 MB
2026.10.06 08:51:06 INFO  Progress (1): 1.8/2.3 MB
2026.10.06 08:51:06 INFO  Progress (1): 1.8/2.3 MB
2026.10.06 08:51:06 INFO  Progress (1): 1.8/2.3 MB
2026.10.06 08:51:06 INFO  Progress (1): 1.8/2.3 MB
2026.10.06 08:51:06 INFO  Progress (1): 1.8/2.3 MB
2026.10.06 08:51:06 INFO  Progress (1): 1.9/2.3 MB
2026.10.06 08:51:06 INFO  Progress (1): 1.9/2.3 MB
2026.10.06 08:51:06 INFO  Progress (1): 1.9/2.3 MB
2026.10.06 08:51:06 INFO  Progress (1): 1.9/2.3 MB
2026.10.06 08:51:06 INFO  Progress (1): 1.9/2.3 MB
2026.10.06 08:51:06 INFO  Progress (1): 1.9/2.3 MB
2026.10.06 08:51:06 INFO  Progress (1): 2.0/2.3 MB
2026.10.06 08:51:06 INFO  Progress (1): 2.0/2.3 MB
2026.10.06 08:51:06 INFO  Progress (1): 2.0/2.3 MB
2026.10.06 08:51:06 INFO  Progress (1): 2.0/2.3 MB
2026.10.06 08:51:06 INFO  Progress (1): 2.0/2.3 MB
2026.10.06 08:51:06 INFO  Progress (1): 2.0/2.3 MB
2026.10.06 08:51:06 INFO  Progress (1): 2.1/2.3 MB
2026.10.06 08:51:06 INFO  Progress (1): 2.1/2.3 MB
2026.10.06 08:51:06 INFO  Progress (1): 2.1/2.3 MB
2026.10.06 08:51:07 INFO  Progress (1): 2.1/2.3 MB
2026.10.06 08:51:07 INFO  Progress (1): 2.1/2.3 MB
2026.10.06 08:51:07 INFO  Progress (1): 2.1/2.3 MB
2026.10.06 08:51:07 INFO  Progress (1): 2.2/2.3 MB
2026.10.06 08:51:07 INFO  Progress (1): 2.2/2.3 MB
2026.10.06 08:51:07 INFO  Progress (1): 2.2/2.3 MB
2026.10.06 08:51:07 INFO  Progress (1): 2.2/2.3 MB
2026.10.06 08:51:07 INFO  Progress (1): 2.2/2.3 MB
2026.10.06 08:51:07 INFO  Progress (1): 2.2/2.3 MB
2026.10.06 08:51:07 INFO  Progress (1): 2.3/2.3 MB
2026.10.06 08:51:07 INFO  Progress (1): 2.3/2.3 MB
2026.10.06 08:51:07 INFO  Progress (1): 2.3/2.3 MB
2026.10.06 08:51:07 INFO  Progress (1): 2.3/2.3 MB
2026.10.06 08:51:07 INFO  Progress (1): 2.3/2.3 MB
2026.10.06 08:51:07 INFO  Progress (1): 2.3 MB    
2026.10.06 08:51:07 INFO                      
2026.10.06 08:51:07 INFO  Downloaded from central: https://repo.maven.apache.org/maven2/org/xerial/snappy/snappy-java/1.1.10.7/snappy-java-1.1.10.7-sources.jar (2.3 MB at 11 MB/s)
2026.10.06 08:51:07 INFO  [INFO] SUCCESS: org.xerial.snappy:snappy-java:jar:1.1.10.7:runtime (sources = true)
2026.10.06 08:51:07 INFO  [INFO] Resolving artifact: org.slf4j:slf4j-nop:jar:1.7.36:compile (sources = false)
2026.10.06 08:51:07 INFO  [INFO] SUCCESS: org.slf4j:slf4j-nop:jar:1.7.36:compile (sources = false)
2026.10.06 08:51:07 INFO  [INFO] Resolving artifact: org.slf4j:slf4j-nop:jar:1.7.36:compile (sources = true)
2026.10.06 08:51:07 INFO  Downloading from central: https://repo.maven.apache.org/maven2/org/slf4j/slf4j-nop/1.7.36/slf4j-nop-1.7.36-sources.jar
2026.10.06 08:51:07 INFO  Progress (1): 5.6 kB
2026.10.06 08:51:07 INFO                      
2026.10.06 08:51:07 INFO  Downloaded from central: https://repo.maven.apache.org/maven2/org/slf4j/slf4j-nop/1.7.36/slf4j-nop-1.7.36-sources.jar (5.6 kB at 175 kB/s)
2026.10.06 08:51:07 INFO  [INFO] SUCCESS: org.slf4j:slf4j-nop:jar:1.7.36:compile (sources = true)
2026.10.06 08:51:07 INFO  [INFO] Generated .bloop/outbox-relay.json
2026.10.06 08:51:07 INFO  [INFO] Starting to write configuration for project: outbox-relay with configuration: compile
2026.10.06 08:51:07 INFO  [INFO] Resolving artifact: org.slf4j:slf4j-api:jar:1.7.36:compile (sources = false)
2026.10.06 08:51:07 INFO  [INFO] SUCCESS: org.slf4j:slf4j-api:jar:1.7.36:compile (sources = false)
2026.10.06 08:51:07 INFO  [INFO] Resolving artifact: org.slf4j:slf4j-api:jar:1.7.36:compile (sources = true)
2026.10.06 08:51:07 INFO  [INFO] SUCCESS: org.slf4j:slf4j-api:jar:1.7.36:compile (sources = true)
2026.10.06 08:51:07 INFO  [INFO] Resolving artifact: org.postgresql:postgresql:jar:42.7.12:compile (sources = false)
2026.10.06 08:51:07 INFO  [INFO] SUCCESS: org.postgresql:postgresql:jar:42.7.12:compile (sources = false)
2026.10.06 08:51:07 INFO  [INFO] Resolving artifact: org.postgresql:postgresql:jar:42.7.12:compile (sources = true)
2026.10.06 08:51:07 INFO  [INFO] SUCCESS: org.postgresql:postgresql:jar:42.7.12:compile (sources = true)
2026.10.06 08:51:07 INFO  [INFO] Resolving artifact: at.yawk.lz4:lz4-java:jar:1.10.2:runtime (sources = false)
2026.10.06 08:51:07 INFO  [INFO] SUCCESS: at.yawk.lz4:lz4-java:jar:1.10.2:runtime (sources = false)
2026.10.06 08:51:07 INFO  [INFO] Resolving artifact: at.yawk.lz4:lz4-java:jar:1.10.2:runtime (sources = true)
2026.10.06 08:51:07 INFO  [INFO] SUCCESS: at.yawk.lz4:lz4-java:jar:1.10.2:runtime (sources = true)
2026.10.06 08:51:07 INFO  [INFO] Resolving artifact: com.github.luben:zstd-jni:jar:1.5.6-10:runtime (sources = false)
2026.10.06 08:51:07 INFO  [INFO] SUCCESS: com.github.luben:zstd-jni:jar:1.5.6-10:runtime (sources = false)
2026.10.06 08:51:07 INFO  [INFO] Resolving artifact: com.github.luben:zstd-jni:jar:1.5.6-10:runtime (sources = true)
2026.10.06 08:51:07 INFO  [INFO] SUCCESS: com.github.luben:zstd-jni:jar:1.5.6-10:runtime (sources = true)
2026.10.06 08:51:07 INFO  [INFO] Resolving artifact: org.apache.kafka:kafka-clients:jar:4.3.1:compile (sources = false)
2026.10.06 08:51:07 INFO  [INFO] SUCCESS: org.apache.kafka:kafka-clients:jar:4.3.1:compile (sources = false)
2026.10.06 08:51:07 INFO  [INFO] Resolving artifact: org.apache.kafka:kafka-clients:jar:4.3.1:compile (sources = true)
2026.10.06 08:51:07 INFO  [INFO] SUCCESS: org.apache.kafka:kafka-clients:jar:4.3.1:compile (sources = true)
2026.10.06 08:51:07 INFO  [INFO] Resolving artifact: org.xerial.snappy:snappy-java:jar:1.1.10.7:runtime (sources = false)
2026.10.06 08:51:07 INFO  [INFO] SUCCESS: org.xerial.snappy:snappy-java:jar:1.1.10.7:runtime (sources = false)
2026.10.06 08:51:07 INFO  [INFO] Resolving artifact: org.xerial.snappy:snappy-java:jar:1.1.10.7:runtime (sources = true)
2026.10.06 08:51:07 INFO  [INFO] SUCCESS: org.xerial.snappy:snappy-java:jar:1.1.10.7:runtime (sources = true)
2026.10.06 08:51:07 INFO  [INFO] Resolving artifact: org.slf4j:slf4j-nop:jar:1.7.36:compile (sources = false)
2026.10.06 08:51:07 INFO  [INFO] SUCCESS: org.slf4j:slf4j-nop:jar:1.7.36:compile (sources = false)
2026.10.06 08:51:07 INFO  [INFO] Resolving artifact: org.slf4j:slf4j-nop:jar:1.7.36:compile (sources = true)
2026.10.06 08:51:07 INFO  [INFO] SUCCESS: org.slf4j:slf4j-nop:jar:1.7.36:compile (sources = true)
2026.10.06 08:51:07 INFO  [INFO] Generated .bloop/outbox-relay-test.json
2026.10.06 08:51:07 INFO  [INFO] Starting to write configuration for project: outbox-relay with configuration: test
2026.10.06 08:51:07 INFO  [INFO] ------------------------------------------------------------------------
2026.10.06 08:51:07 INFO  [INFO] BUILD SUCCESS
2026.10.06 08:51:07 INFO  [INFO] ------------------------------------------------------------------------
2026.10.06 08:51:07 INFO  [INFO] Total time:  1.084 s
2026.10.06 08:51:07 INFO  [INFO] Finished at: 2026-10-06T08:51:07-03:00
2026.10.06 08:51:07 INFO  [INFO] ------------------------------------------------------------------------
2026.10.06 08:51:07 INFO  time: ran 'mvn bloopInstall' in 1.69s
2026.10.06 08:51:07 INFO  Attempting to connect to the build server...
2026.10.06 08:51:07 INFO  No running Bloop server found, starting one.
2026.10.06 08:51:10 INFO  Starting compilation server
2026.10.06 08:51:10 INFO  Tracing is disabled for protocol BSP. To enable tracing of incoming and outgoing JSON messages, create an empty file at /Users/vitor/projects/estudos/outbox-relay/.metals/bsp.trace.json or /Users/vitor/Library/Caches/org.scalameta.metals/bsp.trace.json
2026.10.06 08:51:10 INFO  time: Connected to build server in 2.89s
2026.10.06 08:51:10 INFO  Connected to Build server: Bloop v2.1.2
2026.10.06 08:51:11 WARN  Using H2 2.5.250 which is newer than the version Flyway has been verified with. The latest verified version of H2 is 2.3.232.
2026.10.06 08:51:11 INFO  time: indexed workspace in 1.85s
2026.10.06 08:51:12 INFO  compiling outbox-relay (1 java source)
2026.10.06 08:51:12 WARN  Unexpected javac output: WARNING: A terminally deprecated method in sun.misc.Unsafe has been called
WARNING: sun.misc.Unsafe::arrayBaseOffset has been called by com.sourcegraph.shaded.com.google.protobuf.UnsafeUtil$MemoryAccessor (file:/Users/vitor/Library/Caches/bloop/semanticdb/com.sourcegraph.semanticdb-javac.0.12.3/semanticdb-javac-0.12.3.jar)
WARNING: Please consider reporting this to the maintainers of class com.sourcegraph.shaded.com.google.protobuf.UnsafeUtil$MemoryAccessor
WARNING: sun.misc.Unsafe::arrayBaseOffset will be removed in a future release.
2026.10.06 08:51:12 INFO  time: compiled outbox-relay in 0.79s
Oct 06, 2026 8:51:17 AM org.eclipse.lsp4j.jsonrpc.services.GenericEndpoint notify
INFO: Unsupported notification method: $/setTrace
Oct 06, 2026 8:51:27 AM org.eclipse.lsp4j.jsonrpc.services.GenericEndpoint notify
INFO: Unsupported notification method: $/setTrace
